rhstress: 1802240 bytes of fast RAM at $00233A48, chip buffer $00014908
  Stop: Ctrl-C or hold the LEFT MOUSE BUTTON. Full report on exit.
.......................................................
pass 1 done, total errors 0
.......................................................
pass 2 done, total errors 0
.......................................................
pass 3 done, total errors 0
.......................................................
pass 4 done, total errors 0
.......................................................
pass 5 done, total errors 0
.......................................................
pass 6 done, total errors 0
.......................................................
pass 7 done, total errors 0
.......................................................
pass 8 done, total errors 0
.......................................................
pass 9 done, total errors 0
........................................  [pass 10] copy ERR @$00376DD8 exp 6FE9
44EC got A4B7FDB8 xor CB5EB954
  [pass 10] copy ERR @$00376DDC exp 6FE94570 got A4B7FD3C xor CB5EB84C
  [pass 10] copy ERR @$00376DE0 exp 6FE93DF4 got A4B7F6C0 xor CB5ECB34
  [pass 10] copy ERR @$00376DE4 exp 6FE93E78 got A4B7F644 xor CB5EC83C
  [pass 10] copy ERR @$00376DE8 exp 6FE93EFC got A4B7F7C8 xor CB5EC934
  [pass 10] copy ERR @$00376DEC exp 6FE93F80 got A4B7F74C xor CB5EC8CC
  [pass 10] copy ERR @$00376DF0 exp 6FE94004 got A4B7F8D0 xor CB5EB8D4
  [pass 10] copy ERR @$00376DF4 exp 6FE94088 got A4B7F854 xor CB5EB8DC
  [pass 10] copy ERR @$00376DF8 exp 6FE9410C got A4B7F9D8 xor CB5EB8D4
  [pass 10] copy ERR @$00376DFC exp 6FE94190 got A4B7F95C xor CB5EB8CC
  [pass 10] copy ERR @$00376E00 exp 6FE91A14 got A4B862E0 xor CB5178F4
  [pass 10] copy ERR @$00376E04 exp 6FE91A98 got A4B86264 xor CB5178FC
  [pass 10] copy ERR @$00376E08 exp 6FE91B1C got A4B863E8 xor CB5178F4
  [pass 10] copy ERR @$00376E0C exp 6FE91BA0 got A4B8636C xor CB5178CC
  [pass 10] copy ERR @$00376E10 exp 6FE91C24 got A4B864F0 xor CB5178D4
  [pass 10] copy ERR @$00376E14 exp 6FE91CA8 got A4B86474 xor CB5178DC
  [pass 10] copy ERR @$00376E18 exp 6FE91D2C got A4B865F8 xor CB5178D4
  [pass 10] copy ERR @$00376E1C exp 6FE91DB0 got A4B8657C xor CB5178CC
  [pass 10] copy ERR @$00376E20 exp 6FE91634 got A4B85F00 xor CB514934
  [pass 10] copy ERR @$00376E24 exp 6FE916B8 got A4B85E84 xor CB51483C
  [pass 10] copy ERR @$00376E28 exp 6FE9173C got A4B86008 xor CB517734
  [pass 10] copy ERR @$00376E2C exp 6FE917C0 got A4B85F8C xor CB51484C
  [pass 10] copy ERR @$00376E30 exp 6FE91844 got A4B86110 xor CB517954
  [pass 10] copy ERR @$00376E34 exp 6FE918C8 got A4B86094 xor CB51785C
  [pass 10] copy ERR @$00376E38 exp 6FE9194C got A4B86218 xor CB517B54
  [pass 10] copy ERR @$00376E3C exp 6FE919D0 got A4B8619C xor CB51784C
  [pass 10] copy ERR @$00376E40 exp 6FE91254 got A4B86B20 xor CB517974
  [pass 10] copy ERR @$00376E44 exp 6FE912D8 got A4B86AA4 xor CB51787C
  [pass 10] copy ERR @$00376E48 exp 6FE9135C got A4B86C28 xor CB517F74
  [pass 10] copy ERR @$00376E4C exp 6FE913E0 got A4B86BAC xor CB51784C
  [pass 10] copy ERR @$00376E50 exp 6FE91464 got A4B86D30 xor CB517954
  [pass 10] copy ERR @$00376E54 exp 6FE914E8 got A4B86CB4 xor CB51785C
  [pass 10] copy ERR @$00376E58 exp 6FE9156C got A4B86E38 xor CB517B54
...............  [pass 10] fast ERR @$00376DD8 exp 6FE944EC got A4B7FDB8 xor CB5
EB954
  [pass 10] fast ERR @$00376DDC exp 6FE94570 got A4B7FD3C xor CB5EB84C
  [pass 10] fast ERR @$00376DE0 exp 6FE93DF4 got A4B7F6C0 xor CB5ECB34
  [pass 10] fast ERR @$00376DE4 exp 6FE93E78 got A4B7F644 xor CB5EC83C
  [pass 10] fast ERR @$00376DE8 exp 6FE93EFC got A4B7F7C8 xor CB5EC934
  [pass 10] fast ERR @$00376DEC exp 6FE93F80 got A4B7F74C xor CB5EC8CC
  [pass 10] fast ERR @$00376DF0 exp 6FE94004 got A4B7F8D0 xor CB5EB8D4
  [pass 10] fast ERR @$00376DF4 exp 6FE94088 got A4B7F854 xor CB5EB8DC
  [pass 10] fast ERR @$00376DF8 exp 6FE9410C got A4B7F9D8 xor CB5EB8D4
  [pass 10] fast ERR @$00376DFC exp 6FE94190 got A4B7F95C xor CB5EB8CC
  [pass 10] fast ERR @$00376E00 exp 6FE91A14 got A4B862E0 xor CB5178F4
  [pass 10] fast ERR @$00376E04 exp 6FE91A98 got A4B86264 xor CB5178FC
  [pass 10] fast ERR @$00376E08 exp 6FE91B1C got A4B863E8 xor CB5178F4
  [pass 10] fast ERR @$00376E0C exp 6FE91BA0 got A4B8636C xor CB5178CC
  [pass 10] fast ERR @$00376E10 exp 6FE91C24 got A4B864F0 xor CB5178D4
  [pass 10] fast ERR @$00376E14 exp 6FE91CA8 got A4B86474 xor CB5178DC
  [pass 10] fast ERR @$00376E18 exp 6FE91D2C got A4B865F8 xor CB5178D4
  [pass 10] fast ERR @$00376E1C exp 6FE91DB0 got A4B8657C xor CB5178CC
  [pass 10] fast ERR @$00376E20 exp 6FE91634 got A4B85F00 xor CB514934
  [pass 10] fast ERR @$00376E24 exp 6FE916B8 got A4B85E84 xor CB51483C
  [pass 10] fast ERR @$00376E28 exp 6FE9173C got A4B86008 xor CB517734
  [pass 10] fast ERR @$00376E2C exp 6FE917C0 got A4B85F8C xor CB51484C
  [pass 10] fast ERR @$00376E30 exp 6FE91844 got A4B86110 xor CB517954
  [pass 10] fast ERR @$00376E34 exp 6FE918C8 got A4B86094 xor CB51785C
  [pass 10] fast ERR @$00376E38 exp 6FE9194C got A4B86218 xor CB517B54
  [pass 10] fast ERR @$00376E3C exp 6FE919D0 got A4B8619C xor CB51784C
  [pass 10] fast ERR @$00376E40 exp 6FE91254 got A4B86B20 xor CB517974
  [pass 10] fast ERR @$00376E44 exp 6FE912D8 got A4B86AA4 xor CB51787C
  [pass 10] fast ERR @$00376E48 exp 6FE9135C got A4B86C28 xor CB517F74
  [pass 10] fast ERR @$00376E4C exp 6FE913E0 got A4B86BAC xor CB51784C
  [pass 10] fast ERR @$00376E50 exp 6FE91464 got A4B86D30 xor CB517954
  [pass 10] fast ERR @$00376E54 exp 6FE914E8 got A4B86CB4 xor CB51785C
  [pass 10] fast ERR @$00376E58 exp 6FE9156C got A4B86E38 xor CB517B54

pass 10 done, total errors 66
.......................................................
pass 11 done, total errors 66
.......................................................
pass 12 done, total errors 66
.......................................................
pass 13 done, total errors 66
.......................................................
pass 14 done, total errors 66
.......................................................
pass 15 done, total errors 66
.......................................................
pass 16 done, total errors 66
.......................................................
pass 17 done, total errors 66
.......................................................
pass 18 done, total errors 66
.......................................................
pass 19 done, total errors 66
.......................................................
pass 20 done, total errors 66
.......................................................
pass 21 done, total errors 66
.......................................................
pass 22 done, total errors 66
.......................................................
pass 23 done, total errors 66
.......................................................
pass 24 done, total errors 66
.......................................................
pass 25 done, total errors 66
.......................................................
pass 26 done, total errors 66
.......................................................
pass 27 done, total errors 66
.......................................................
pass 28 done, total errors 66
.......................................................
pass 29 done, total errors 66
.......................................................
pass 30 done, total errors 66
.......................................................
pass 31 done, total errors 66
.......................................................
pass 32 done, total errors 66
.......................................................
pass 33 done, total errors 66
.......................................................
pass 34 done, total errors 66
.......................................................
pass 35 done, total errors 66
.......................................................
pass 36 done, total errors 66
.......................................................
pass 37 done, total errors 66
.......................................................
pass 38 done, total errors 66
.......................................................
pass 39 done, total errors 66
.......................................................
pass 40 done, total errors 66
.......................................................
pass 41 done, total errors 66
.......................................................
pass 42 done, total errors 66
.......................................................
pass 43 done, total errors 66
.......................................................
pass 44 done, total errors 66
.......................................................
pass 45 done, total errors 66
.......................................................
pass 46 done, total errors 66
.......................................................
pass 47 done, total errors 66
.......................................................
pass 48 done, total errors 66
.......................................................
pass 49 done, total errors 66
.......................................................
pass 50 done, total errors 66
.......................................................
pass 51 done, total errors 66
.......................................................
pass 52 done, total errors 66
.......................................................
pass 53 done, total errors 66
.......................................................
pass 54 done, total errors 66
.......................................................
pass 55 done, total errors 66
.......................................................
pass 56 done, total errors 66
.......................................................
pass 57 done, total errors 66
.......................................................
pass 58 done, total errors 66
.......................................................
pass 59 done, total errors 66
.......................................................
pass 60 done, total errors 66
.......................................................
pass 61 done, total errors 66
.......................................................
pass 62 done, total errors 66
.......................................................
pass 63 done, total errors 66
.......................................................
pass 64 done, total errors 66
.......................................................
pass 65 done, total errors 66
.......................................................
pass 66 done, total errors 66
.......................................................
pass 67 done, total errors 66
.......................................................
pass 68 done, total errors 66
.......................................................
pass 69 done, total errors 66
.......................................................
pass 70 done, total errors 66
.......................................................
pass 71 done, total errors 66
.......................................................
pass 72 done, total errors 66
.......................................................
pass 73 done, total errors 66
.......................................................
pass 74 done, total errors 66
.......................................................
pass 75 done, total errors 66
.......................................................
pass 76 done, total errors 66
.......................................................
pass 77 done, total errors 66
.......................................................
pass 78 done, total errors 66
.......................................................
pass 79 done, total errors 66
.......................................................
pass 80 done, total errors 66
.......................................................
pass 81 done, total errors 66
.......................................................
pass 82 done, total errors 66
.......................................................
pass 83 done, total errors 66
.......................................................
pass 84 done, total errors 66
.......................................................
pass 85 done, total errors 66
.......................................................
pass 86 done, total errors 66
.......................................................
pass 87 done, total errors 66
.......................................................
pass 88 done, total errors 66
.......................................................
pass 89 done, total errors 66
.......................................................
pass 90 done, total errors 66
.......................................................
pass 91 done, total errors 66
.......................................................
pass 92 done, total errors 66
.......................................................
pass 93 done, total errors 66
.......................................................
pass 94 done, total errors 66
.......................................................
pass 95 done, total errors 66
.......................................................
pass 96 done, total errors 66
.......................................................
pass 97 done, total errors 66
.......................................................
pass 98 done, total errors 66
.......................................................
pass 99 done, total errors 66
.......................................................
pass 100 done, total errors 66
.......................................................
pass 101 done, total errors 66
.......................................................
pass 102 done, total errors 66
.......................................................
pass 103 done, total errors 66
.......................................................
pass 104 done, total errors 66
.......................................................
pass 105 done, total errors 66
.......................................................
pass 106 done, total errors 66
.......................................................
pass 107 done, total errors 66
.......................................................
pass 108 done, total errors 66
.......................................................
pass 109 done, total errors 66
.......................................................
pass 110 done, total errors 66
.......................................................
pass 111 done, total errors 66
.......................................................
pass 112 done, total errors 66
.......................................................
pass 113 done, total errors 66
.......................................................
pass 114 done, total errors 66
.......................................................
pass 115 done, total errors 66
.......................................................
pass 116 done, total errors 66
.......................................................
pass 117 done, total errors 66
.......................................................
pass 118 done, total errors 66
.......................................................
pass 119 done, total errors 66
.......................................................
pass 120 done, total errors 66
.......................................................
pass 121 done, total errors 66
.......................................................
pass 122 done, total errors 66
.......................................................
pass 123 done, total errors 66
.......................................................
pass 124 done, total errors 66
.......................................................
pass 125 done, total errors 66
.......................................................
pass 126 done, total errors 66
.......................................................
pass 127 done, total errors 66
.......................................................
pass 128 done, total errors 66
.......................................................
pass 129 done, total errors 66
.......................................................
pass 130 done, total errors 66
.......................................................
pass 131 done, total errors 66
.......................................................
pass 132 done, total errors 66
.......................................................
pass 133 done, total errors 66
.......................................................
pass 134 done, total errors 66
.......................................................
pass 135 done, total errors 66
.......................................................
pass 136 done, total errors 66
.......................................................
pass 137 done, total errors 66
.......................................................
pass 138 done, total errors 66
.......................................................
pass 139 done, total errors 66
.......................................................
pass 140 done, total errors 66
.......................................................
pass 141 done, total errors 66
.......................................................
pass 142 done, total errors 66
.......................................................
pass 143 done, total errors 66
.......................................................
pass 144 done, total errors 66
.......................................................
pass 145 done, total errors 66
.......................................................
pass 146 done, total errors 66
.......................................................
pass 147 done, total errors 66
.......................................................
pass 148 done, total errors 66
.......................................................
pass 149 done, total errors 66
.......................................................
pass 150 done, total errors 66
.......................................................
pass 151 done, total errors 66
.......................................................
pass 152 done, total errors 66
.......................................................
pass 153 done, total errors 66
.......................................................
pass 154 done, total errors 66
.......................................................
pass 155 done, total errors 66
.......................................................
pass 156 done, total errors 66
.......................................................
pass 157 done, total errors 66
.......................................................
pass 158 done, total errors 66
.......................................................
pass 159 done, total errors 66
.......................................................
pass 160 done, total errors 66
.......................................................
pass 161 done, total errors 66
.......................................................
pass 162 done, total errors 66
.......................................................
pass 163 done, total errors 66
.......................................................
pass 164 done, total errors 66
.......................................................
pass 165 done, total errors 66
.......................................................
pass 166 done, total errors 66
.......................................................
pass 167 done, total errors 66
.......................................................
pass 168 done, total errors 66
.......................................................
pass 169 done, total errors 66
.......................................................
pass 170 done, total errors 66
.......................................................
pass 171 done, total errors 66
.......................................................
pass 172 done, total errors 66
.......................................................
pass 173 done, total errors 66
.......................................................
pass 174 done, total errors 66
.......................................................
pass 175 done, total errors 66
.......................................................
pass 176 done, total errors 66
.......................................................
pass 177 done, total errors 66
.......................................................
pass 178 done, total errors 66
.......................................................
pass 179 done, total errors 66
.......................................................
pass 180 done, total errors 66
.......................................................
pass 181 done, total errors 66
.......................................................
pass 182 done, total errors 66
.......................................................
pass 183 done, total errors 66
.......................................................
pass 184 done, total errors 66
.......................................................
pass 185 done, total errors 66
.......................................................
pass 186 done, total errors 66
.......................................................
pass 187 done, total errors 66
.......................................................
pass 188 done, total errors 66
.......................................................
pass 189 done, total errors 66
.......................................................
pass 190 done, total errors 66
.......................................................
pass 191 done, total errors 66
.......................................................
pass 192 done, total errors 66
.......................................................
pass 193 done, total errors 66
.......................................................
pass 194 done, total errors 66
.......................................................
pass 195 done, total errors 66
.......................................................
pass 196 done, total errors 66
.......................................................
pass 197 done, total errors 66
.......................................................
pass 198 done, total errors 66
.......................................................
pass 199 done, total errors 66
.......................................................
pass 200 done, total errors 66
.......................................................
pass 201 done, total errors 66
.......................................................
pass 202 done, total errors 66
.......................................................
pass 203 done, total errors 66
.......................................................
pass 204 done, total errors 66
.......................................................
pass 205 done, total errors 66
.......................................................
pass 206 done, total errors 66
.......................................................
pass 207 done, total errors 66
.......................................................
pass 208 done, total errors 66
.......................................................
pass 209 done, total errors 66
.......................................................
pass 210 done, total errors 66
.......................................................
pass 211 done, total errors 66
.......................................................
pass 212 done, total errors 66
.......................................................
pass 213 done, total errors 66
.......................................................
pass 214 done, total errors 66
.......................................................
pass 215 done, total errors 66
.......................................................
pass 216 done, total errors 66
.......................................................
pass 217 done, total errors 66
.......................................................
pass 218 done, total errors 66
.......................................................
pass 219 done, total errors 66
.......................................................
pass 220 done, total errors 66
.......................................................
pass 221 done, total errors 66
.......................................................
pass 222 done, total errors 66
.......................................................
pass 223 done, total errors 66
.......................................................
pass 224 done, total errors 66
.......................................................
pass 225 done, total errors 66
.......................................................
pass 226 done, total errors 66
.......................................................
pass 227 done, total errors 66
.......................................................
pass 228 done, total errors 66
.......................................................
pass 229 done, total errors 66
.......................................................
pass 230 done, total errors 66
.......................................................
pass 231 done, total errors 66
.......................................................
pass 232 done, total errors 66
.......................................................
pass 233 done, total errors 66
.......................................................
pass 234 done, total errors 66
.......................................................
pass 235 done, total errors 66
.......................................................
pass 236 done, total errors 66
.......................................................
pass 237 done, total errors 66
.......................................................
pass 238 done, total errors 66
.......................................................
pass 239 done, total errors 66
.......................................................
pass 240 done, total errors 66
.......................................................
pass 241 done, total errors 66
.......................................................
pass 242 done, total errors 66
.......................................................
pass 243 done, total errors 66
.......................................................
pass 244 done, total errors 66
.......................................................
pass 245 done, total errors 66
.......................................................
pass 246 done, total errors 66
.......................................................
pass 247 done, total errors 66
.......................................................
pass 248 done, total errors 66
.......................................................
pass 249 done, total errors 66
.
=== rhstress stopped: 249 full passes, 66 errors ===
--- error list (first 1000) ---
  [pass 10] copy @$00376DD8 exp 6FE944EC got A4B7FDB8 xor CB5EB954
  [pass 10] copy @$00376DDC exp 6FE94570 got A4B7FD3C xor CB5EB84C
  [pass 10] copy @$00376DE0 exp 6FE93DF4 got A4B7F6C0 xor CB5ECB34
  [pass 10] copy @$00376DE4 exp 6FE93E78 got A4B7F644 xor CB5EC83C
  [pass 10] copy @$00376DE8 exp 6FE93EFC got A4B7F7C8 xor CB5EC934
  [pass 10] copy @$00376DEC exp 6FE93F80 got A4B7F74C xor CB5EC8CC
  [pass 10] copy @$00376DF0 exp 6FE94004 got A4B7F8D0 xor CB5EB8D4
  [pass 10] copy @$00376DF4 exp 6FE94088 got A4B7F854 xor CB5EB8DC
  [pass 10] copy @$00376DF8 exp 6FE9410C got A4B7F9D8 xor CB5EB8D4
  [pass 10] copy @$00376DFC exp 6FE94190 got A4B7F95C xor CB5EB8CC
  [pass 10] copy @$00376E00 exp 6FE91A14 got A4B862E0 xor CB5178F4
  [pass 10] copy @$00376E04 exp 6FE91A98 got A4B86264 xor CB5178FC
  [pass 10] copy @$00376E08 exp 6FE91B1C got A4B863E8 xor CB5178F4
  [pass 10] copy @$00376E0C exp 6FE91BA0 got A4B8636C xor CB5178CC
  [pass 10] copy @$00376E10 exp 6FE91C24 got A4B864F0 xor CB5178D4
  [pass 10] copy @$00376E14 exp 6FE91CA8 got A4B86474 xor CB5178DC
  [pass 10] copy @$00376E18 exp 6FE91D2C got A4B865F8 xor CB5178D4
  [pass 10] copy @$00376E1C exp 6FE91DB0 got A4B8657C xor CB5178CC
  [pass 10] copy @$00376E20 exp 6FE91634 got A4B85F00 xor CB514934
  [pass 10] copy @$00376E24 exp 6FE916B8 got A4B85E84 xor CB51483C
  [pass 10] copy @$00376E28 exp 6FE9173C got A4B86008 xor CB517734
  [pass 10] copy @$00376E2C exp 6FE917C0 got A4B85F8C xor CB51484C
  [pass 10] copy @$00376E30 exp 6FE91844 got A4B86110 xor CB517954
  [pass 10] copy @$00376E34 exp 6FE918C8 got A4B86094 xor CB51785C
  [pass 10] copy @$00376E38 exp 6FE9194C got A4B86218 xor CB517B54
  [pass 10] copy @$00376E3C exp 6FE919D0 got A4B8619C xor CB51784C
  [pass 10] copy @$00376E40 exp 6FE91254 got A4B86B20 xor CB517974
  [pass 10] copy @$00376E44 exp 6FE912D8 got A4B86AA4 xor CB51787C
  [pass 10] copy @$00376E48 exp 6FE9135C got A4B86C28 xor CB517F74
  [pass 10] copy @$00376E4C exp 6FE913E0 got A4B86BAC xor CB51784C
  [pass 10] copy @$00376E50 exp 6FE91464 got A4B86D30 xor CB517954
  [pass 10] copy @$00376E54 exp 6FE914E8 got A4B86CB4 xor CB51785C
  [pass 10] copy @$00376E58 exp 6FE9156C got A4B86E38 xor CB517B54
  [pass 10] fast @$00376DD8 exp 6FE944EC got A4B7FDB8 xor CB5EB954
  [pass 10] fast @$00376DDC exp 6FE94570 got A4B7FD3C xor CB5EB84C
  [pass 10] fast @$00376DE0 exp 6FE93DF4 got A4B7F6C0 xor CB5ECB34
  [pass 10] fast @$00376DE4 exp 6FE93E78 got A4B7F644 xor CB5EC83C
  [pass 10] fast @$00376DE8 exp 6FE93EFC got A4B7F7C8 xor CB5EC934
  [pass 10] fast @$00376DEC exp 6FE93F80 got A4B7F74C xor CB5EC8CC
  [pass 10] fast @$00376DF0 exp 6FE94004 got A4B7F8D0 xor CB5EB8D4
  [pass 10] fast @$00376DF4 exp 6FE94088 got A4B7F854 xor CB5EB8DC
  [pass 10] fast @$00376DF8 exp 6FE9410C got A4B7F9D8 xor CB5EB8D4
  [pass 10] fast @$00376DFC exp 6FE94190 got A4B7F95C xor CB5EB8CC
  [pass 10] fast @$00376E00 exp 6FE91A14 got A4B862E0 xor CB5178F4
  [pass 10] fast @$00376E04 exp 6FE91A98 got A4B86264 xor CB5178FC
  [pass 10] fast @$00376E08 exp 6FE91B1C got A4B863E8 xor CB5178F4
  [pass 10] fast @$00376E0C exp 6FE91BA0 got A4B8636C xor CB5178CC
  [pass 10] fast @$00376E10 exp 6FE91C24 got A4B864F0 xor CB5178D4
  [pass 10] fast @$00376E14 exp 6FE91CA8 got A4B86474 xor CB5178DC
  [pass 10] fast @$00376E18 exp 6FE91D2C got A4B865F8 xor CB5178D4
  [pass 10] fast @$00376E1C exp 6FE91DB0 got A4B8657C xor CB5178CC
  [pass 10] fast @$00376E20 exp 6FE91634 got A4B85F00 xor CB514934
  [pass 10] fast @$00376E24 exp 6FE916B8 got A4B85E84 xor CB51483C
  [pass 10] fast @$00376E28 exp 6FE9173C got A4B86008 xor CB517734
  [pass 10] fast @$00376E2C exp 6FE917C0 got A4B85F8C xor CB51484C
  [pass 10] fast @$00376E30 exp 6FE91844 got A4B86110 xor CB517954
  [pass 10] fast @$00376E34 exp 6FE918C8 got A4B86094 xor CB51785C
  [pass 10] fast @$00376E38 exp 6FE9194C got A4B86218 xor CB517B54
  [pass 10] fast @$00376E3C exp 6FE919D0 got A4B8619C xor CB51784C
  [pass 10] fast @$00376E40 exp 6FE91254 got A4B86B20 xor CB517974
  [pass 10] fast @$00376E44 exp 6FE912D8 got A4B86AA4 xor CB51787C
  [pass 10] fast @$00376E48 exp 6FE9135C got A4B86C28 xor CB517F74
  [pass 10] fast @$00376E4C exp 6FE913E0 got A4B86BAC xor CB51784C
  [pass 10] fast @$00376E50 exp 6FE91464 got A4B86D30 xor CB517954
  [pass 10] fast @$00376E54 exp 6FE914E8 got A4B86CB4 xor CB51785C
  [pass 10] fast @$00376E58 exp 6FE9156C got A4B86E38 xor CB517B54
--- failures per data bit ---
  bit 31: 66
  bit 30: 66
  bit 27: 66
  bit 25: 66
  bit 24: 66
  bit 22: 66
  bit 20: 66
  bit 19: 20
  bit 18: 20
  bit 17: 20
  bit 16: 46
  bit 15: 20
  bit 14: 54
  bit 13: 52
  bit 12: 52
  bit 11: 64
  bit 10: 4
  bit  9: 10
  bit  8: 22
  bit  7: 26
  bit  6: 54
  bit  5: 24
  bit  4: 50
  bit  3: 32
  bit  2: 66
--- errors per bank ---
  bank0 $200000-$3FFFFF (SIMM0/1): 66
  bank1 $400000-$5FFFFF (SIMM2/3): 0
  bank2 $600000-$7FFFFF (SIMM4/5): 0
  bank3 $800000-$9FFFFF (SIMM6/7): 0
  other: 0
